// Jest Snapshot v1, https://goo.gl/fbAQLP

exports[`pjmap dist files exports modules correctly 1`] = `
Array [
  "Base",
  "Map",
  "version",
  "install",
  "preload",
  "default",
]
`;
